// Jest Snapshot v1, https://goo.gl/fbAQLP

exports[`CharacterItem component renders CharacterItem 1`] = `
<DocumentFragment>
  <figure
    class="light"
  >
    <img
      alt="Arnold"
      src="test.png"
      width="150px"
    />
    <figcaption>
      Arnold
    </figcaption>
  </figure>
</DocumentFragment>
`;
